###############################################################################
#                                                                             #
# IAR ELF Linker V1.40.1.50106 for STM8                 09/Nov/2016  09:14:51 #
# Copyright 2010-2013 IAR Systems AB.                                         #
#                                                                             #
#    Output file  =  G:\±±¾©ËÄÎ¬ÍØÖÇ¹«Ë¾\SWTZ_Pro\STM8S_ÌõÐÎµÆ\Project\Debug\ #
#                    Exe\STM8S_Demo.out                                       #
#    Map file     =  G:\±±¾©ËÄÎ¬ÍØÖÇ¹«Ë¾\SWTZ_Pro\STM8S_ÌõÐÎµÆ\Project\Debug\ #
#                    List\STM8S_Demo.map                                      #
#    Command line =  G:\±±¾©ËÄÎ¬ÍØÖÇ¹«Ë¾\SWTZ_Pro\STM8S_ÌõÐÎµÆ\Project\Debug\ #
#                    Obj\adc.o G:\±±¾©ËÄÎ¬ÍØÖÇ¹«Ë¾\SWTZ_Pro\STM8S_ÌõÐÎµÆ\Proj #
#                    ect\Debug\Obj\delay.o G:\±±¾©ËÄÎ¬ÍØÖÇ¹«Ë¾\SWTZ_Pro\STM8S #
#                    _ÌõÐÎµÆ\Project\Debug\Obj\flash_eeprom.o                 #
#                    G:\±±¾©ËÄÎ¬ÍØÖÇ¹«Ë¾\SWTZ_Pro\STM8S_ÌõÐÎµÆ\Project\Debug\ #
#                    Obj\key.o G:\±±¾©ËÄÎ¬ÍØÖÇ¹«Ë¾\SWTZ_Pro\STM8S_ÌõÐÎµÆ\Proj #
#                    ect\Debug\Obj\led.o G:\±±¾©ËÄÎ¬ÍØÖÇ¹«Ë¾\SWTZ_Pro\STM8S_Ì #
#                    õÐÎµÆ\Project\Debug\Obj\main.o                           #
#                    G:\±±¾©ËÄÎ¬ÍØÖÇ¹«Ë¾\SWTZ_Pro\STM8S_ÌõÐÎµÆ\Project\Debug\ #
#                    Obj\stm8s_adc1.o G:\±±¾©ËÄÎ¬ÍØÖÇ¹«Ë¾\SWTZ_Pro\STM8S_ÌõÐÎ #
#                    µÆ\Project\Debug\Obj\stm8s_clk.o                         #
#                    G:\±±¾©ËÄÎ¬ÍØÖÇ¹«Ë¾\SWTZ_Pro\STM8S_ÌõÐÎµÆ\Project\Debug\ #
#                    Obj\stm8s_exti.o G:\±±¾©ËÄÎ¬ÍØÖÇ¹«Ë¾\SWTZ_Pro\STM8S_ÌõÐÎ #
#                    µÆ\Project\Debug\Obj\stm8s_flash.o                       #
#                    G:\±±¾©ËÄÎ¬ÍØÖÇ¹«Ë¾\SWTZ_Pro\STM8S_ÌõÐÎµÆ\Project\Debug\ #
#                    Obj\stm8s_gpio.o G:\±±¾©ËÄÎ¬ÍØÖÇ¹«Ë¾\SWTZ_Pro\STM8S_ÌõÐÎ #
#                    µÆ\Project\Debug\Obj\stm8s_it.o                          #
#                    G:\±±¾©ËÄÎ¬ÍØÖÇ¹«Ë¾\SWTZ_Pro\STM8S_ÌõÐÎµÆ\Project\Debug\ #
#                    Obj\sysclock.o --redirect _Printf=_PrintfFullNoMb        #
#                    --redirect _Scanf=_ScanfFullNoMb -o                      #
#                    G:\±±¾©ËÄÎ¬ÍØÖÇ¹«Ë¾\SWTZ_Pro\STM8S_ÌõÐÎµÆ\Project\Debug\ #
#                    Exe\STM8S_Demo.out --map G:\±±¾©ËÄÎ¬ÍØÖÇ¹«Ë¾\SWTZ_Pro\ST #
#                    M8S_ÌõÐÎµÆ\Project\Debug\List\STM8S_Demo.map --config    #
#                    "D:\Program Files (x86)\IAR\stm8\config\lnkstm8s003f3.ic #
#                    f" --config_def _CSTACK_SIZE=0x100 --config_def          #
#                    _HEAP_SIZE=0x100 --entry __iar_program_start --debug_lib #
#                                                                             #
#                                                                             #
###############################################################################

*******************************************************************************
*** RUNTIME MODEL ATTRIBUTES
***

__SystemLibrary            = DLib
__code_model               = small
__core                     = stm8
__data_model               = medium
__dlib_file_descriptor     = 0
__dlib_full_locale_support = 0
__rt_version               = 4


*******************************************************************************
*** PLACEMENT SUMMARY
***

"A1":  place at start of [0x000000-0x0000ff] { rw section .vregs };
"A2":  place at end of [0x000000-0x0003ff] { block CSTACK };
"P2":  place in [from 0x000000 to 0x0003ff] {
          block HEAP, rw section .far.bss, rw section .far.data,
          rw section .far.noinit, rw section .far_func.textrw,
          rw section .huge.bss, rw section .huge.data, rw section .huge.noinit,
          rw section .huge_func.textrw, rw section .iar.dynexit,
          rw section .near.bss, rw section .near.data, rw section .near.noinit,
          rw section .near_func.textrw };
"A3":  place at start of [0x008000-0x009fff] { block INTVEC };
"P3":  place in [from 0x008000 to 0x009fff] {
          ro section .far.data_init, ro section .far_func.textrw_init,
          ro section .huge.data_init, ro section .huge_func.textrw_init,
          ro section .iar.init_table, ro section .init_array,
          ro section .near.data_init, ro section .near.rodata,
          ro section .near_func.text, ro section .near_func.textrw_init,
          ro section .tiny.data_init, ro section .tiny.rodata_init };

  Section          Kind      Address    Size  Object
  -------          ----      -------    ----  ------
"A1":                                   0x10
  .vregs           uninit   0x000000    0x10  vregs.o [4]
                          - 0x000010    0x10

"P2":                                    0x7
  .near.bss        zero     0x000010     0x2  main.o [1]
  .near.bss        zero     0x000012     0x1  delay.o [1]
  .near.bss        zero     0x000013     0x1  key.o [1]
  .near.bss        zero     0x000014     0x1  main.o [1]
  .near.bss        zero     0x000015     0x1  main.o [1]
  .near.bss        zero     0x000016     0x1  main.o [1]
                          - 0x000017     0x7

"A2":                                  0x100
  CSTACK                    0x000300   0x100  <Block>
    CSTACK         uninit   0x000300   0x100  <Block tail>
                          - 0x000400   0x100

"A3":                                   0x80
  INTVEC                    0x008000    0x80  <Block>
    .intvec        const    0x008000    0x80  interrupt.o [4]
                          - 0x008080    0x80

"P3":                                 0x130b
  .near_func.text  ro code  0x008080   0x632  main.o [1]
  .near_func.text  ro code  0x0086b2   0x19a  stm8s_adc1.o [1]
  .near_func.text  ro code  0x00884c   0x114  stm8s_gpio.o [1]
  .near_func.text  ro code  0x008960    0xfc  stm8s_adc1.o [1]
  .near_func.text  ro code  0x008a5c    0xbe  led.o [1]
  .near_func.text  ro code  0x008b1a    0xbe  stm8s_adc1.o [1]
  .near_func.text  ro code  0x008bd8    0x9e  vreg_util.o [4]
  .near_func.text  ro code  0x008c76    0x92  long.o [4]
  .near_func.text  ro code  0x008d08    0x59  delay.o [1]
  .near_func.text  ro code  0x008d61    0x59  stm8s_adc1.o [1]
  .near_func.text  ro code  0x008dba    0x55  stm8s_adc1.o [1]
  .near_func.text  ro code  0x008e0f    0x54  stm8s_adc1.o [1]
  .near_func.text  ro code  0x008e63    0x54  stm8s_flash.o [1]
  .near_func.text  ro code  0x008eb7    0x4a  stm8s_flash.o [1]
  .near_func.text  ro code  0x008f01    0x48  led.o [1]
  .near_func.text  ro code  0x008f49    0x46  short.o [4]
  .near_func.text  ro code  0x008f8f    0x3d  stm8s_clk.o [1]
  .near_func.text  ro code  0x008fcc    0x3b  stm8s_flash.o [1]
  .near.rodata     const    0x009007    0x39  stm8s_flash.o [1]
  .near.rodata     const    0x009040    0x38  stm8s_adc1.o [1]
  .near.rodata     const    0x009078    0x38  stm8s_gpio.o [1]
  .near.rodata     const    0x0090b0    0x37  stm8s_clk.o [1]
  .near_func.text  ro code  0x0090e7    0x34  key.o [1]
  .near_func.text  ro code  0x00911b    0x31  stm8s_adc1.o [1]
  .near_func.text  ro code  0x00914c    0x2f  stm8s_adc1.o [1]
  .near_func.text  ro code  0x00917b    0x2f  stm8s_clk.o [1]
  .near_func.text  ro code  0x0091aa    0x2d  stm8s_flash.o [1]
  .near_func.text  ro code  0x0091d7    0x2b  stm8s_flash.o [1]
  .near_func.text  ro code  0x009202    0x29  adc.o [1]
  .near_func.text  ro code  0x00922b    0x23  delay.o [1]
  .iar.init_table  const    0x00924e     0x8  - Linker created -
  .near_func.text  ro code  0x009256    0x20  flash_eeprom.o [1]
  .near_func.text  ro code  0x009276    0x20  flash_eeprom.o [1]
  .near_func.text  ro code  0x009296    0x1e  init_small.o [4]
  .near_func.text  ro code  0x0092b4    0x18  stm8s_flash.o [1]
  .near_func.text  ro code  0x0092cc    0x18  dc_util.o [4]
  .near_func.text  ro code  0x0092e4    0x17  init.o [4]
  .near_func.text  ro code  0x0092fb    0x14  __dbg_xxexit.o [3]
  .near_func.text  ro code  0x00930f    0x13  cstartup.o [4]
  .near_func.text  ro code  0x009322    0x10  led.o [1]
  .near_func.text  ro code  0x009332     0xe  delay.o [1]
  .near_func.text  ro code  0x009340     0xc  key.o [1]
  .near_func.text  ro code  0x00934c     0xc  long_util.o [4]
  .near_func.text  ro code  0x009358     0x9  sysclock.o [1]
  .near_func.text  ro code  0x009361     0x7  flash_eeprom.o [1]
  .near_func.text  ro code  0x009368     0x5  stm8s_adc1.o [1]
  .near_func.text  ro code  0x00936d     0x5  cexit.o [4]
  .near_func.text  ro code  0x009372     0x4  stm8s_gpio.o [1]
  .near_func.text  ro code  0x009376     0x3  stm8s_gpio.o [1]
  .near_func.text  ro code  0x009379     0x3  stm8s_gpio.o [1]
  .near_func.text  ro code  0x00937c     0x3  interrupt.o [4]
  .near_func.text  ro code  0x00937f     0x3  low_level_init.o [4]
  .near_func.text  ro code  0x009382     0x3  exit.o [4]
  .near_func.text  ro code  0x009385     0x3  unhandled_exception.o [4]
  .near_func.text  ro code  0x009388     0x2  main.o [1]
  .near_func.text  ro code  0x00938a     0x1  __dbg_break.o [3]
                          - 0x00938b  0x130b


*******************************************************************************
*** INIT TABLE
***

          Address   Size
          -------   ----
Zero (__iar_zero_init2)
    1 destination range, total size 0x7:
          0x000010   0x7



*******************************************************************************
*** MODULE SUMMARY
***

    Module                 ro code  ro data  rw data
    ------                 -------  -------  -------
G:\±±¾©ËÄÎ¬ÍØÖÇ¹«Ë¾\SWTZ_Pro\STM8S_ÌõÐÎµÆ\Project\Debug\Obj: [1]
    adc.o                       41
    delay.o                    138                 1
    flash_eeprom.o              71
    key.o                       64                 1
    led.o                      278
    main.o                   1 588                 5
    stm8s_adc1.o             1 211       56
    stm8s_clk.o                108       55
    stm8s_flash.o              329       57
    stm8s_gpio.o               286       56
    sysclock.o                   9
    ------------------------------------------------
    Total:                   4 123      224        7

command line: [2]
    ------------------------------------------------
    Total:

dbgstm8smd.a: [3]
    __dbg_break.o                1
    __dbg_xxexit.o              20
    ------------------------------------------------
    Total:                      21

dlstm8smn.a: [4]
    cexit.o                      5
    cstartup.o                  19
    dc_util.o                   24
    exit.o                       3
    init.o                      23
    init_small.o                30
    interrupt.o                  3      128
    long.o                     146
    long_util.o                 12
    low_level_init.o             3
    short.o                     70
    unhandled_exception.o        3
    vreg_util.o                158
    vregs.o                                       16
    ------------------------------------------------
    Total:                     499      128       16

    Linker created                        8      256
----------------------------------------------------
    Grand Total:             4 643      360      279


*******************************************************************************
*** ENTRY LIST
***

Entry                    Address   Size  Type      Object
-----                    -------   ----  ----      ------
?b0                     0x000000         Data  Gb  vregs.o [4]
?b1                     0x000001         Data  Gb  vregs.o [4]
?b10                    0x00000a         Data  Gb  vregs.o [4]
?b11                    0x00000b         Data  Gb  vregs.o [4]
?b12                    0x00000c         Data  Gb  vregs.o [4]
?b13                    0x00000d         Data  Gb  vregs.o [4]
?b14                    0x00000e         Data  Gb  vregs.o [4]
?b15                    0x00000f         Data  Gb  vregs.o [4]
?b2                     0x000002         Data  Gb  vregs.o [4]
?b3                     0x000003         Data  Gb  vregs.o [4]
?b4                     0x000004         Data  Gb  vregs.o [4]
?b5                     0x000005         Data  Gb  vregs.o [4]
?b6                     0x000006         Data  Gb  vregs.o [4]
?b7                     0x000007         Data  Gb  vregs.o [4]
?b8                     0x000008         Data  Gb  vregs.o [4]
?b9                     0x000009         Data  Gb  vregs.o [4]
?dc32_l1                0x0092cc         Code  Gb  dc_util.o [4]
?dc32_px                0x0092d9         Code  Gb  dc_util.o [4]
?e0                     0x000001         Data  Gb  vregs.o [4]
?e1                     0x000005         Data  Gb  vregs.o [4]
?e2                     0x000009         Data  Gb  vregs.o [4]
?e3                     0x00000d         Data  Gb  vregs.o [4]
?epilogue_l2            0x008c47         Code  Gb  vreg_util.o [4]
?epilogue_l2_l3         0x008c44         Code  Gb  vreg_util.o [4]
?epilogue_w4            0x008c4b         Code  Gb  vreg_util.o [4]
?l0                     0x000000         Data  Gb  vregs.o [4]
?l1                     0x000004         Data  Gb  vregs.o [4]
?l2                     0x000008         Data  Gb  vregs.o [4]
?l3                     0x00000c         Data  Gb  vregs.o [4]
?load32_l1_0x           0x00934c         Code  Gb  long_util.o [4]
?mov_e0_e2              0x008c52         Code  Gb  vreg_util.o [4]
?mov_e2_e0              0x008c5f         Code  Gb  vreg_util.o [4]
?mov_e2_e1              0x008c6c         Code  Gb  vreg_util.o [4]
?mov_l0_l2              0x008c4f         Code  Gb  vreg_util.o [4]
?mov_l2_l0              0x008c5c         Code  Gb  vreg_util.o [4]
?mov_l2_l1              0x008c69         Code  Gb  vreg_util.o [4]
?mov_w1_w5              0x008c55         Code  Gb  vreg_util.o [4]
?mov_w5_w1              0x008c62         Code  Gb  vreg_util.o [4]
?mov_w5_w3              0x008c6f         Code  Gb  vreg_util.o [4]
?mul16_x_x_w0           0x008f49         Code  Gb  short.o [4]
?pop_l2                 0x008c26         Code  Gb  vreg_util.o [4]
?pop_l3                 0x008c31         Code  Gb  vreg_util.o [4]
?pop_w4                 0x008bf0         Code  Gb  vreg_util.o [4]
?push_l2                0x008bff         Code  Gb  vreg_util.o [4]
?push_l3                0x008c04         Code  Gb  vreg_util.o [4]
?push_w4                0x008bd8         Code  Gb  vreg_util.o [4]
?sdiv16_x_x_y           0x008f67         Code  Gb  short.o [4]
?sll16_x_x_4            0x008f8a         Code  Gb  short.o [4]
?sll16_x_x_5            0x008f89         Code  Gb  short.o [4]
?sll16_x_x_6            0x008f88         Code  Gb  short.o [4]
?sll16_x_x_a            0x008f80         Code  Gb  short.o [4]
?sub32_l0_l0_0x         0x008c7b         Code  Gb  long.o [4]
?sub32_l0_l0_dl         0x008c76         Code  Gb  long.o [4]
?udiv32_l0_l0_dl        0x008c98         Code  Gb  long.o [4]
?udiv32_l0_l0_l1        0x008c9b         Code  Gb  long.o [4]
?umod32_l1_l0_dl        0x008c93         Code  Gb  long.o [4]
?umod32_l1_l0_l1        0x008c9b         Code  Gb  long.o [4]
?w0                     0x000000         Data  Gb  vregs.o [4]
?w1                     0x000002         Data  Gb  vregs.o [4]
?w2                     0x000004         Data  Gb  vregs.o [4]
?w3                     0x000006         Data  Gb  vregs.o [4]
?w4                     0x000008         Data  Gb  vregs.o [4]
?w5                     0x00000a         Data  Gb  vregs.o [4]
?w6                     0x00000c         Data  Gb  vregs.o [4]
?w7                     0x00000e         Data  Gb  vregs.o [4]
ADC1_Cmd                0x00914c   0x2f  Code  Gb  stm8s_adc1.o [1]
ADC1_ConversionConfig   0x008b1a   0xbe  Code  Gb  stm8s_adc1.o [1]
ADC1_DeInit             0x00911b   0x31  Code  Gb  stm8s_adc1.o [1]
ADC1_ExternalTriggerConfig
                        0x008d61   0x59  Code  Gb  stm8s_adc1.o [1]
ADC1_GetConversionValue
                        0x008e0f   0x54  Code  Gb  stm8s_adc1.o [1]
ADC1_Init               0x0086b2  0x19a  Code  Gb  stm8s_adc1.o [1]
ADC1_PrescalerConfig    0x008dba   0x55  Code  Gb  stm8s_adc1.o [1]
ADC1_SchmittTriggerConfig
                        0x008960   0xfc  Code  Gb  stm8s_adc1.o [1]
ADC1_StartConversion    0x009368    0x5  Code  Gb  stm8s_adc1.o [1]
ADC_Class               0x000010    0x2  Data  Gb  main.o [1]
ADC_EEPROM              0x000015    0x1  Data  Gb  main.o [1]
ADC_Init                0x009202   0x29  Code  Gb  adc.o [1]
CLK_HSICmd              0x00917b   0x2f  Code  Gb  stm8s_clk.o [1]
CLK_HSIPrescalerConfig  0x008f8f   0x3d  Code  Gb  stm8s_clk.o [1]
CSTACK$$Base            0x000300          --   Gb  - Linker created -
CSTACK$$Limit           0x000400          --   Gb  - Linker created -
FLASH_DeInit            0x0092b4   0x18  Code  Gb  stm8s_flash.o [1]
FLASH_Lock              0x0091d7   0x2b  Code  Gb  stm8s_flash.o [1]
FLASH_ProgramByte       0x008e63   0x54  Code  Gb  stm8s_flash.o [1]
FLASH_ReadByte          0x008eb7   0x4a  Code  Gb  stm8s_flash.o [1]
FLASH_SetProgrammingTime
                        0x0091aa   0x2d  Code  Gb  stm8s_flash.o [1]
FLASH_Unlock            0x008fcc   0x3b  Code  Gb  stm8s_flash.o [1]
GPIO_Init               0x00884c  0x114  Code  Gb  stm8s_gpio.o [1]
GPIO_ReadInputPin       0x009379    0x3  Code  Gb  stm8s_gpio.o [1]
GPIO_WriteHigh          0x009376    0x3  Code  Gb  stm8s_gpio.o [1]
GPIO_WriteLow           0x009372    0x4  Code  Gb  stm8s_gpio.o [1]
INTVEC$$Base            0x008000          --   Gb  - Linker created -
INTVEC$$Limit           0x008080          --   Gb  - Linker created -
Init_EEPROM             0x009361    0x7  Code  Gb  flash_eeprom.o [1]
LED_Config              0x009322   0x10  Code  Gb  led.o [1]
LED_Init                0x008f01   0x48  Code  Gb  led.o [1]
LED_Show                0x008a5c   0xbe  Code  Gb  led.o [1]
ReadEEPROM              0x009256   0x20  Code  Gb  flash_eeprom.o [1]
Region$$Table$$Base     0x00924e          --   Gb  - Linker created -
Region$$Table$$Limit    0x009256          --   Gb  - Linker created -
SystemClock_Init        0x009358    0x9  Code  Gb  sysclock.o [1]
WriteEEPROM             0x009276   0x20  Code  Gb  flash_eeprom.o [1]
__DebugBreak            0x00938a    0x1  Code  Gb  __dbg_break.o [3]
__exit                  0x0092fb   0x14  Code  Gb  __dbg_xxexit.o [3]
__iar_data_init2        0x0092e4   0x17  Code  Gb  init.o [4]
__iar_program_start     0x00930f         Code  Gb  cstartup.o [4]
__iar_unhandled_exception
                        0x009385         Code  Gb  unhandled_exception.o [4]
__iar_zero_init2        0x009296         Code  Gb  init_small.o [4]
__intvec                0x008000         Data  Gb  interrupt.o [4]
__low_level_init        0x00937f    0x3  Code  Gb  low_level_init.o [4]
_exit                   0x00936d         Code  Gb  cexit.o [4]
_interrupt_1            0x00937c         Code  Wk  interrupt.o [4]
_interrupt_10           0x00937c         Code  Wk  interrupt.o [4]
_interrupt_11           0x00937c         Code  Wk  interrupt.o [4]
_interrupt_12           0x00937c         Code  Wk  interrupt.o [4]
_interrupt_13           0x00937c         Code  Wk  interrupt.o [4]
_interrupt_14           0x00937c         Code  Wk  interrupt.o [4]
_interrupt_15           0x00937c         Code  Wk  interrupt.o [4]
_interrupt_16           0x00937c         Code  Wk  interrupt.o [4]
_interrupt_17           0x00937c         Code  Wk  interrupt.o [4]
_interrupt_18           0x00937c         Code  Wk  interrupt.o [4]
_interrupt_19           0x00937c         Code  Wk  interrupt.o [4]
_interrupt_2            0x00937c         Code  Wk  interrupt.o [4]
_interrupt_20           0x00937c         Code  Wk  interrupt.o [4]
_interrupt_21           0x00937c         Code  Wk  interrupt.o [4]
_interrupt_22           0x00937c         Code  Wk  interrupt.o [4]
_interrupt_23           0x00937c         Code  Wk  interrupt.o [4]
_interrupt_24           0x00937c         Code  Wk  interrupt.o [4]
_interrupt_25           0x00937c         Code  Wk  interrupt.o [4]
_interrupt_26           0x00937c         Code  Wk  interrupt.o [4]
_interrupt_27           0x00937c         Code  Wk  interrupt.o [4]
_interrupt_28           0x00937c         Code  Wk  interrupt.o [4]
_interrupt_29           0x00937c         Code  Wk  interrupt.o [4]
_interrupt_3            0x00937c         Code  Wk  interrupt.o [4]
_interrupt_30           0x00937c         Code  Wk  interrupt.o [4]
_interrupt_31           0x00937c         Code  Wk  interrupt.o [4]
_interrupt_4            0x00937c         Code  Wk  interrupt.o [4]
_interrupt_5            0x00937c         Code  Wk  interrupt.o [4]
_interrupt_6            0x00937c         Code  Wk  interrupt.o [4]
_interrupt_7            0x00937c         Code  Wk  interrupt.o [4]
_interrupt_8            0x00937c         Code  Wk  interrupt.o [4]
_interrupt_9            0x00937c         Code  Wk  interrupt.o [4]
assert_failed           0x009388    0x2  Code  Gb  main.o [1]
delay_init              0x00922b   0x23  Code  Gb  delay.o [1]
delay_ms                0x008d08   0x59  Code  Gb  delay.o [1]
delay_us                0x009332    0xe  Code  Gb  delay.o [1]
direction               0x000016    0x1  Data  Gb  main.o [1]
exit                    0x009382    0x3  Code  Gb  exit.o [4]
fac_us                  0x000012    0x1  Data  Gb  delay.o [1]
flag_eeprom             0x000014    0x1  Data  Gb  main.o [1]
key_init                0x009340    0xc  Code  Gb  key.o [1]
key_scan                0x0090e7   0x34  Code  Gb  key.o [1]
main                    0x008080  0x632  Code  Gb  main.o [1]
number                  0x000013    0x1  Data  Gb  key.o [1]


[1] = G:\±±¾©ËÄÎ¬ÍØÖÇ¹«Ë¾\SWTZ_Pro\STM8S_ÌõÐÎµÆ\Project\Debug\Obj
[2] = command line
[3] = dbgstm8smd.a
[4] = dlstm8smn.a

  4 643 bytes of readonly  code memory
    360 bytes of readonly  data memory
    279 bytes of readwrite data memory

Errors: none
Warnings: none
